// Jest Snapshot v1, https://goo.gl/fbAQLP

exports[`ECMA Import 1`] = `
"{
    \\"Package\\": \\"[Redacted]\\"
}"
`;
